data/retail_sales_sample.csv
date,store_id,item_id,sales,price,promo,weekday,month
2020-07-04,store_50,item_24,34,26.04,0,5,7
2020-07-05,store_50,item_24,27,26.04,0,6,7
2020-07-06,store_50,item_24,52,20.83,1,0,7
2020-07-07,store_50,item_24,55,20.83,1,1,7
2020-07-08,store_50,item_24,37,26.04,0,2,7
2020-07-09,store_50,item_24,40,26.04,0,3,7
2020-07-10,store_50,item_24,29,26.04,0,4,7
2020-07-11,store_50,item_24,23,26.04,0,5,7
2020-07-12,store_50,item_24,23,26.04,0,6,7
2020-07-13,store_50,item_24,29,26.04,0,0,7
2020-07-14,store_50,item_24,34,26.04,0,1,7
2020-07-15,store_50,item_24,33,26.04,0,2,7
2020-07-16,store_50,item_24,29,26.04,0,3,7
2020-07-17,store_50,item_24,24,26.04,0,4,7
2020-07-18,store_50,item_24,26,26.04,0,5,7
2020-07-19,store_50,item_24,31,26.04,0,6,7
2020-07-20,store_50,item_24,31,26.04,0,0,7
2020-07-21,store_50,item_24,54,20.83,1,1,7
2020-07-22,store_50,item_24,39,26.04,0,2,7
2020-07-23,store_50,item_24,29,26.04,0,3,7
2020-07-24,store_50,item_24,22,26.04,0,4,7
2020-07-25,store_50,item_24,21,26.04,0,5,7
2020-07-26,store_50,item_24,31,26.04,0,6,7
2020-07-27,store_50,item_24,30,26.04,0,0,7
2020-07-28,store_50,item_24,35,26.04,0,1,7
2020-07-29,store_50,item_24,33,26.04,0,2,7
2020-07-30,store_50,item_24,32,26.04,0,3,7
2020-07-31,store_50,item_24,23,26.04,0,4,7
2020-08-01,store_50,item_24,19,26.04,0,5,8
2020-08-02,store_50,item_24,31,26.04,0,6,8
2020-08-03,store_50,item_24,25,26.04,0,0,8
2020-08-04,store_50,item_24,42,26.04,0,1,8
2020-08-05,store_50,item_24,27,26.04,0,2,8
2020-08-06,store_50,item_24,29,26.04,0,3,8
2020-08-07,store_50,item_24,25,26.04,0,4,8
2020-08-08,store_50,item_24,24,26.04,0,5,8
2020-08-09,store_50,item_24,20,26.04,0,6,8
2020-08-10,store_50,item_24,22,26.04,0,0,8
2020-08-11,store_50,item_24,28,26.04,0,1,8
2020-08-12,store_50,item_24,33,26.04,0,2,8
2020-08-13,store_50,item_24,28,26.04,0,3,8
2020-08-14,store_50,item_24,22,26.04,0,4,8
2020-08-15,store_50,item_24,18,26.04,0,5,8
2020-08-16,store_50,item_24,16,26.04,0,6,8
2020-08-17,store_50,item_24,43,20.83,1,0,8
2020-08-18,store_50,item_24,26,26.04,0,1,8
2020-08-19,store_50,item_24,31,26.04,0,2,8
2020-08-20,store_50,item_24,26,26.04,0,3,8
2020-08-21,store_50,item_24,22,26.04,0,4,8
2020-08-22,store_50,item_24,26,26.04,0,5,8
2020-08-23,store_50,item_24,20,26.04,0,6,8
2020-08-24,store_50,item_24,35,20.83,1,0,8
2020-08-25,store_50,item_24,25,26.04,0,1,8
2020-08-26,store_50,item_24,25,26.04,0,2,8
2020-08-27,store_50,item_24,26,26.04,0,3,8
2020-08-28,store_50,item_24,23,26.04,0,4,8
2020-08-29,store_50,item_24,15,26.04,0,5,8
2020-08-30,store_50,item_24,21,26.04,0,6,8
2020-08-31,store_50,item_24,22,26.04,0,0,8
2020-09-01,store_50,item_24,33,26.04,0,1,9
2020-09-02,store_50,item_24,43,20.83,1,2,9
2020-09-03,store_50,item_24,25,26.04,0,3,9
2020-09-04,store_50,item_24,20,26.04,0,4,9
2020-09-05,store_50,item_24,20,26.04,0,5,9
2020-09-06,store_50,item_24,21,26.04,0,6,9
2020-09-07,store_50,item_24,23,26.04,0,0,9
2020-09-08,store_50,item_24,43,20.83,1,1,9
2020-09-09,store_50,item_24,31,26.04,0,2,9
2020-09-10,store_50,item_24,38,20.83,1,3,9
2020-09-11,store_50,item_24,20,26.04,0,4,9
2020-09-12,store_50,item_24,22,26.04,0,5,9
2020-09-13,store_50,item_24,18,26.04,0,6,9
2020-09-14,store_50,item_24,23,26.04,0,0,9
2020-09-15,store_50,item_24,29,26.04,0,1,9
2020-09-16,store_50,item_24,24,26.04,0,2,9
2020-09-17,store_50,item_24,35,20.83,1,3,9
2020-09-18,store_50,item_24,23,26.04,0,4,9
2020-09-19,store_50,item_24,19,26.04,0,5,9
2020-09-20,store_50,item_24,23,26.04,0,6,9
2020-09-21,store_50,item_24,25,26.04,0,0,9
2020-09-22,store_50,item_24,29,26.04,0,1,9
2020-09-23,store_50,item_24,23,26.04,0,2,9
2020-09-24,store_50,item_24,24,26.04,0,3,9
2020-09-25,store_50,item_24,22,26.04,0,4,9
2020-09-26,store_50,item_24,31,20.83,1,5,9
2020-09-27,store_50,item_24,16,26.04,0,6,9
2020-09-28,store_50,item_24,23,26.04,0,0,9
2020-09-29,store_50,item_24,26,26.04,0,1,9
2020-09-30,store_50,item_24,27,26.04,0,2,9
2020-10-01,store_50,item_24,25,26.04,0,3,10
2020-10-02,store_50,item_24,20,26.04,0,4,10
2020-10-03,store_50,item_24,19,26.04,0,5,10
2020-10-04,store_50,item_24,22,26.04,0,6,10
2020-10-05,store_50,item_24,23,26.04,0,0,10
2020-10-06,store_50,item_24,27,26.04,0,1,10
2020-10-07,store_50,item_24,26,26.04,0,2,10
2020-10-08,store_50,item_24,25,26.04,0,3,10
2020-10-09,store_50,item_24,26,26.04,0,4,10
2020-10-10,store_50,item_24,25,26.04,0,5,10
2020-10-11,store_50,item_24,23,26.04,0,6,10
2020-10-12,store_50,item_24,20,26.04,0,0,10
2020-10-13,store_50,item_24,23,26.04,0,1,10
2020-10-14,store_50,item_24,45,20.83,1,2,10
2020-10-15,store_50,item_24,27,26.04,0,3,10
2020-10-16,store_50,item_24,20,26.04,0,4,10
2020-10-17,store_50,item_24,17,26.04,0,5,10
2020-10-18,store_50,item_24,18,26.04,0,6,10
2020-10-19,store_50,item_24,22,26.04,0,0,10
2020-10-20,store_50,item_24,28,26.04,0,1,10
2020-10-21,store_50,item_24,44,20.83,1,2,10
2020-10-22,store_50,item_24,26,26.04,0,3,10
2020-10-23,store_50,item_24,30,26.04,0,4,10
2020-10-24,store_50,item_24,24,26.04,0,5,10
2020-10-25,store_50,item_24,20,26.04,0,6,10
2020-10-26,store_50,item_24,27,26.04,0,0,10
2020-10-27,store_50,item_24,26,26.04,0,1,10
2020-10-28,store_50,item_24,41,20.83,1,2,10
2020-10-29,store_50,item_24,29,26.04,0,3,10
2020-10-30,store_50,item_24,24,26.04,0,4,10
2020-10-31,store_50,item_24,22,26.04,0,5,10
2020-11-01,store_50,item_24,21,26.04,0,6,11
2020-11-02,store_50,item_24,21,26.04,0,0,11
2020-11-03,store_50,item_24,25,26.04,0,1,11
2020-11-04,store_50,item_24,27,26.04,0,2,11
2020-11-05,store_50,item_24,23,26.04,0,3,11
2020-11-06,store_50,item_24,34,20.83,1,4,11
2020-11-07,store_50,item_24,19,26.04,0,5,11
2020-11-08,store_50,item_24,24,26.04,0,6,11
2020-11-09,store_50,item_24,30,26.04,0,0,11
2020-11-10,store_50,item_24,34,26.04,0,1,11
2020-11-11,store_50,item_24,50,20.83,1,2,11
2020-11-12,store_50,item_24,31,26.04,0,3,11
2020-11-13,store_50,item_24,26,26.04,0,4,11
2020-11-14,store_50,item_24,19,26.04,0,5,11
2020-11-15,store_50,item_24,24,26.04,0,6,11
2020-11-16,store_50,item_24,22,26.04,0,0,11
2020-11-17,store_50,item_24,31,26.04,0,1,11
2020-11-18,store_50,item_24,34,26.04,0,2,11
2020-11-19,store_50,item_24,34,26.04,0,3,11
2020-11-20,store_50,item_24,22,26.04,0,4,11
2020-11-21,store_50,item_24,23,26.04,0,5,11
2020-11-22,store_50,item_24,25,26.04,0,6,11
2020-11-23,store_50,item_24,31,26.04,0,0,11
2020-11-24,store_50,item_24,35,26.04,0,1,11
2020-11-25,store_50,item_24,32,26.04,0,2,11
2020-11-26,store_50,item_24,33,26.04,0,3,11
2020-11-27,store_50,item_24,28,26.04,0,4,11
2020-11-28,store_50,item_24,15,26.04,0,5,11
2020-11-29,store_50,item_24,25,26.04,0,6,11
2020-11-30,store_50,item_24,43,20.83,1,0,11
2020-12-01,store_50,item_24,36,26.04,0,1,12
2020-12-02,store_50,item_24,31,26.04,0,2,12
2020-12-03,store_50,item_24,35,26.04,0,3,12
2020-12-04,store_50,item_24,29,26.04,0,4,12
2020-12-05,store_50,item_24,22,26.04,0,5,12
2020-12-06,store_50,item_24,27,26.04,0,6,12
2020-12-07,store_50,item_24,31,26.04,0,0,12
2020-12-08,store_50,item_24,36,26.04,0,1,12
2020-12-09,store_50,item_24,52,20.83,1,2,12
2020-12-10,store_50,item_24,35,26.04,0,3,12
2020-12-11,store_50,item_24,31,26.04,0,4,12
2020-12-12,store_50,item_24,30,26.04,0,5,12
2020-12-13,store_50,item_24,46,20.83,1,6,12
2020-12-14,store_50,item_24,26,26.04,0,0,12
2020-12-15,store_50,item_24,35,26.04,0,1,12
2020-12-16,store_50,item_24,40,26.04,0,2,12
2020-12-17,store_50,item_24,36,26.04,0,3,12
2020-12-18,store_50,item_24,28,26.04,0,4,12
2020-12-19,store_50,item_24,38,20.83,1,5,12
2020-12-20,store_50,item_24,43,20.83,1,6,12
2020-12-21,store_50,item_24,50,20.83,1,0,12
2020-12-22,store_50,item_24,38,26.04,0,1,12
2020-12-23,store_50,item_24,38,26.04,0,2,12
2020-12-24,store_50,item_24,37,26.04,0,3,12
2020-12-25,store_50,item_24,26,26.04,0,4,12
2020-12-26,store_50,item_24,27,26.04,0,5,12
2020-12-27,store_50,item_24,41,20.83,1,6,12
2020-12-28,store_50,item_24,34,26.04,0,0,12
2020-12-29,store_50,item_24,36,26.04,0,1,12
2020-12-30,store_50,item_24,41,26.04,0,2,12
2020-12-31,store_50,item_24,33,26.04,0,3,12
2021-01-01,store_50,item_24,28,26.04,0,4,1
2021-01-02,store_50,item_24,27,26.04,0,5,1
2021-01-03,store_50,item_24,27,26.04,0,6,1
2021-01-04,store_50,item_24,26,26.04,0,0,1
2021-01-05,store_50,item_24,43,26.04,0,1,1
2021-01-06,store_50,item_24,41,26.04,0,2,1
2021-01-07,store_50,item_24,39,26.04,0,3,1
2021-01-08,store_50,item_24,35,26.04,0,4,1
2021-01-09,store_50,item_24,33,26.04,0,5,1
2021-01-10,store_50,item_24,32,26.04,0,6,1
2021-01-11,store_50,item_24,31,26.04,0,0,1
2021-01-12,store_50,item_24,39,26.04,0,1,1
2021-01-13,store_50,item_24,46,26.04,0,2,1
2021-01-14,store_50,item_24,60,20.83,1,3,1
2021-01-15,store_50,item_24,31,26.04,0,4,1
2021-01-16,store_50,item_24,28,26.04,0,5,1
2021-01-17,store_50,item_24,30,26.04,0,6,1
2021-01-18,store_50,item_24,37,26.04,0,0,1
2021-01-19,store_50,item_24,44,26.04,0,1,1
2021-01-20,store_50,item_24,38,26.04,0,2,1
2021-01-21,store_50,item_24,33,26.04,0,3,1
2021-01-22,store_50,item_24,37,26.04,0,4,1
2021-01-23,store_50,item_24,30,26.04,0,5,1
2021-01-24,store_50,item_24,29,26.04,0,6,1
2021-01-25,store_50,item_24,37,26.04,0,0,1
2021-01-26,store_50,item_24,46,26.04,0,1,1
2021-01-27,store_50,item_24,45,26.04,0,2,1
2021-01-28,store_50,item_24,40,26.04,0,3,1
2021-01-29,store_50,item_24,37,26.04,0,4,1
2021-01-30,store_50,item_24,32,26.04,0,5,1
2021-01-31,store_50,item_24,30,26.04,0,6,1
2021-02-01,store_50,item_24,43,26.04,0,0,2
2021-02-02,store_50,item_24,66,20.83,1,1,2
2021-02-03,store_50,item_24,46,26.04,0,2,2
2021-02-04,store_50,item_24,46,26.04,0,3,2
2021-02-05,store_50,item_24,37,26.04,0,4,2
2021-02-06,store_50,item_24,26,26.04,0,5,2
2021-02-07,store_50,item_24,32,26.04,0,6,2
2021-02-08,store_50,item_24,37,26.04,0,0,2
2021-02-09,store_50,item_24,50,26.04,0,1,2
2021-02-10,store_50,item_24,54,26.04,0,2,2
2021-02-11,store_50,item_24,41,26.04,0,3,2
2021-02-12,store_50,item_24,38,26.04,0,4,2
2021-02-13,store_50,item_24,35,26.04,0,5,2
2021-02-14,store_50,item_24,36,26.04,0,6,2
2021-02-15,store_50,item_24,43,26.04,0,0,2
2021-02-16,store_50,item_24,47,26.04,0,1,2
2021-02-17,store_50,item_24,54,26.04,0,2,2
2021-02-18,store_50,item_24,50,26.04,0,3,2
2021-02-19,store_50,item_24,43,26.04,0,4,2
2021-02-20,store_50,item_24,36,26.04,0,5,2
2021-02-21,store_50,item_24,33,26.04,0,6,2
2021-02-22,store_50,item_24,45,26.04,0,0,2
2021-02-23,store_50,item_24,51,26.04,0,1,2
2021-02-24,store_50,item_24,49,26.04,0,2,2
2021-02-25,store_50,item_24,43,26.04,0,3,2
2021-02-26,store_50,item_24,36,26.04,0,4,2
2021-02-27,store_50,item_24,38,26.04,0,5,2
2021-02-28,store_50,item_24,40,26.04,0,6,2
2021-03-01,store_50,item_24,43,26.04,0,0,3
2021-03-02,store_50,item_24,49,26.04,0,1,3
2021-03-03,store_50,item_24,51,26.04,0,2,3
2021-03-04,store_50,item_24,74,20.83,1,3,3
2021-03-05,store_50,item_24,38,26.04,0,4,3
2021-03-06,store_50,item_24,37,26.04,0,5,3
2021-03-07,store_50,item_24,41,26.04,0,6,3
2021-03-08,store_50,item_24,63,20.83,1,0,3
2021-03-09,store_50,item_24,54,26.04,0,1,3
2021-03-10,store_50,item_24,46,26.04,0,2,3
2021-03-11,store_50,item_24,50,26.04,0,3,3
2021-03-12,store_50,item_24,38,26.04,0,4,3
2021-03-13,store_50,item_24,37,26.04,0,5,3
2021-03-14,store_50,item_24,40,26.04,0,6,3
2021-03-15,store_50,item_24,40,26.04,0,0,3
2021-03-16,store_50,item_24,51,26.04,0,1,3
2021-03-17,store_50,item_24,57,26.04,0,2,3
2021-03-18,store_50,item_24,46,26.04,0,3,3
2021-03-19,store_50,item_24,42,26.04,0,4,3
2021-03-20,store_50,item_24,34,26.04,0,5,3
2021-03-21,store_50,item_24,40,26.04,0,6,3
2021-03-22,store_50,item_24,45,26.04,0,0,3
2021-03-23,store_50,item_24,54,26.04,0,1,3
2021-03-24,store_50,item_24,51,26.04,0,2,3
2021-03-25,store_50,item_24,35,26.04,0,3,3
2021-03-26,store_50,item_24,41,26.04,0,4,3
2021-03-27,store_50,item_24,30,26.04,0,5,3
2021-03-28,store_50,item_24,42,26.04,0,6,3
2021-03-29,store_50,item_24,39,26.04,0,0,3
2021-03-30,store_50,item_24,52,26.04,0,1,3
2021-03-31,store_50,item_24,59,26.04,0,2,3
2021-04-01,store_50,item_24,44,26.04,0,3,4
2021-04-02,store_50,item_24,41,26.04,0,4,4
2021-04-03,store_50,item_24,38,26.04,0,5,4
2021-04-04,store_50,item_24,37,26.04,0,6,4
2021-04-05,store_50,item_24,63,20.83,1,0,4
2021-04-06,store_50,item_24,54,26.04,0,1,4
2021-04-07,store_50,item_24,55,26.04,0,2,4
2021-04-08,store_50,item_24,44,26.04,0,3,4
2021-04-09,store_50,item_24,42,26.04,0,4,4
2021-04-10,store_50,item_24,37,26.04,0,5,4
2021-04-11,store_50,item_24,39,26.04,0,6,4
2021-04-12,store_50,item_24,47,26.04,0,0,4
2021-04-13,store_50,item_24,54,26.04,0,1,4
2021-04-14,store_50,item_24,78,20.83,1,2,4
2021-04-15,store_50,item_24,45,26.04,0,3,4
2021-04-16,store_50,item_24,31,26.04,0,4,4
2021-04-17,store_50,item_24,31,26.04,0,5,4
2021-04-18,store_50,item_24,40,26.04,0,6,4
2021-04-19,store_50,item_24,44,26.04,0,0,4
2021-04-20,store_50,item_24,73,20.83,1,1,4
2021-04-21,store_50,item_24,54,26.04,0,2,4
2021-04-22,store_50,item_24,47,26.04,0,3,4
2021-04-23,store_50,item_24,41,26.04,0,4,4
2021-04-24,store_50,item_24,33,26.04,0,5,4
2021-04-25,store_50,item_24,53,20.83,1,6,4
2021-04-26,store_50,item_24,41,26.04,0,0,4
2021-04-27,store_50,item_24,52,26.04,0,1,4
2021-04-28,store_50,item_24,81,20.83,1,2,4
2021-04-29,store_50,item_24,63,20.83,1,3,4
2021-04-30,store_50,item_24,42,26.04,0,4,4
2021-05-01,store_50,item_24,49,20.83,1,5,5
2021-05-02,store_50,item_24,38,26.04,0,6,5
2021-05-03,store_50,item_24,46,26.04,0,0,5
2021-05-04,store_50,item_24,52,26.04,0,1,5
2021-05-05,store_50,item_24,52,26.04,0,2,5
2021-05-06,store_50,item_24,45,26.04,0,3,5
2021-05-07,store_50,item_24,41,26.04,0,4,5
2021-05-08,store_50,item_24,37,26.04,0,5,5
2021-05-09,store_50,item_24,35,26.04,0,6,5
2021-05-10,store_50,item_24,42,26.04,0,0,5
2021-05-11,store_50,item_24,50,26.04,0,1,5
2021-05-12,store_50,item_24,45,26.04,0,2,5
2021-05-13,store_50,item_24,45,26.04,0,3,5
2021-05-14,store_50,item_24,40,26.04,0,4,5
2021-05-15,store_50,item_24,37,26.04,0,5,5
2021-05-16,store_50,item_24,37,26.04,0,6,5
2021-05-17,store_50,item_24,39,26.04,0,0,5
2021-05-18,store_50,item_24,46,26.04,0,1,5
2021-05-19,store_50,item_24,51,26.04,0,2,5
2021-05-20,store_50,item_24,46,26.04,0,3,5
2021-05-21,store_50,item_24,40,26.04,0,4,5
2021-05-22,store_50,item_24,35,26.04,0,5,5
2021-05-23,store_50,item_24,37,26.04,0,6,5
2021-05-24,store_50,item_24,41,26.04,0,0,5
2021-05-25,store_50,item_24,51,26.04,0,1,5
2021-05-26,store_50,item_24,47,26.04,0,2,5
2021-05-27,store_50,item_24,65,20.83,1,3,5
2021-05-28,store_50,item_24,41,26.04,0,4,5
2021-05-29,store_50,item_24,30,26.04,0,5,5
2021-05-30,store_50,item_24,33,26.04,0,6,5
2021-05-31,store_50,item_24,37,26.04,0,0,5
2021-06-01,store_50,item_24,47,26.04,0,1,6
2021-06-02,store_50,item_24,51,26.04,0,2,6
2021-06-03,store_50,item_24,46,26.04,0,3,6
2021-06-04,store_50,item_24,37,26.04,0,4,6
2021-06-05,store_50,item_24,37,26.04,0,5,6
2021-06-06,store_50,item_24,28,26.04,0,6,6
2021-06-07,store_50,item_24,37,26.04,0,0,6
2021-06-08,store_50,item_24,72,20.83,1,1,6
2021-06-09,store_50,item_24,47,26.04,0,2,6
2021-06-10,store_50,item_24,46,26.04,0,3,6
2021-06-11,store_50,item_24,39,26.04,0,4,6
2021-06-12,store_50,item_24,30,26.04,0,5,6
2021-06-13,store_50,item_24,35,26.04,0,6,6
2021-06-14,store_50,item_24,39,26.04,0,0,6
2021-06-15,store_50,item_24,43,26.04,0,1,6
2021-06-16,store_50,item_24,37,26.04,0,2,6
2021-06-17,store_50,item_24,41,26.04,0,3,6
2021-06-18,store_50,item_24,34,26.04,0,4,6
2021-06-19,store_50,item_24,29,26.04,0,5,6
2021-06-20,store_50,item_24,31,26.04,0,6,6
2021-06-21,store_50,item_24,36,26.04,0,0,6
2021-06-22,store_50,item_24,61,20.83,1,1,6
2021-06-23,store_50,item_24,45,26.04,0,2,6
2021-06-24,store_50,item_24,39,26.04,0,3,6
2021-06-25,store_50,item_24,32,26.04,0,4,6
2021-06-26,store_50,item_24,34,26.04,0,5,6
2021-06-27,store_50,item_24,29,26.04,0,6,6
2021-06-28,store_50,item_24,53,20.83,1,0,6
2021-06-29,store_50,item_24,42,26.04,0,1,6
2021-06-30,store_50,item_24,43,26.04,0,2,6
2021-07-01,store_50,item_24,39,26.04,0,3,7
2021-07-02,store_50,item_24,30,26.04,0,4,7
2021-07-03,store_50,item_24,23,26.04,0,5,7
2021-07-04,store_50,item_24,26,26.04,0,6,7
2021-07-05,store_50,item_24,31,26.04,0,0,7
2021-07-06,store_50,item_24,41,26.04,0,1,7
2021-07-07,store_50,item_24,41,26.04,0,2,7
2021-07-08,store_50,item_24,35,26.04,0,3,7
2021-07-09,store_50,item_24,30,26.04,0,4,7
2021-07-10,store_50,item_24,21,26.04,0,5,7
2021-07-11,store_50,item_24,29,26.04,0,6,7
2021-07-12,store_50,item_24,31,26.04,0,0,7
2021-07-13,store_50,item_24,34,26.04,0,1,7
2021-07-14,store_50,item_24,41,26.04,0,2,7
2021-07-15,store_50,item_24,31,26.04,0,3,7
2021-07-16,store_50,item_24,26,26.04,0,4,7
2021-07-17,store_50,item_24,22,26.04,0,5,7
2021-07-18,store_50,item_24,21,26.04,0,6,7
2021-07-19,store_50,item_24,32,26.04,0,0,7
2021-07-20,store_50,item_24,37,26.04,0,1,7
2021-07-21,store_50,item_24,35,26.04,0,2,7
2021-07-22,store_50,item_24,32,26.04,0,3,7
2021-07-23,store_50,item_24,29,26.04,0,4,7
2021-07-24,store_50,item_24,21,26.04,0,5,7
2021-07-25,store_50,item_24,28,26.04,0,6,7
2021-07-26,store_50,item_24,33,26.04,0,0,7
2021-07-27,store_50,item_24,31,26.04,0,1,7
2021-07-28,store_50,item_24,40,26.04,0,2,7
2021-07-29,store_50,item_24,48,20.83,1,3,7
2021-07-30,store_50,item_24,22,26.04,0,4,7
2021-07-31,store_50,item_24,39,20.83,1,5,7
2021-08-01,store_50,item_24,26,26.04,0,6,8
2021-08-02,store_50,item_24,44,20.83,1,0,8
2021-08-03,store_50,item_24,33,26.04,0,1,8
2021-08-04,store_50,item_24,33,26.04,0,2,8
2021-08-05,store_50,item_24,31,26.04,0,3,8
2021-08-06,store_50,item_24,29,26.04,0,4,8
2021-08-07,store_50,item_24,22,26.04,0,5,8
2021-08-08,store_50,item_24,23,26.04,0,6,8
2021-08-09,store_50,item_24,31,26.04,0,0,8
2021-08-10,store_50,item_24,28,26.04,0,1,8
2021-08-11,store_50,item_24,36,26.04,0,2,8
2021-08-12,store_50,item_24,22,26.04,0,3,8
2021-08-13,store_50,item_24,24,26.04,0,4,8
2021-08-14,store_50,item_24,22,26.04,0,5,8
2021-08-15,store_50,item_24,22,26.04,0,6,8
2021-08-16,store_50,item_24,30,26.04,0,0,8
2021-08-17,store_50,item_24,30,26.04,0,1,8
2021-08-18,store_50,item_24,33,26.04,0,2,8
2021-08-19,store_50,item_24,28,26.04,0,3,8
2021-08-20,store_50,item_24,19,26.04,0,4,8
2021-08-21,store_50,item_24,25,26.04,0,5,8
