data/retail_sales_sample.csv
date,store_id,item_id,sales,price,promo,weekday,month
2022-01-18,store_50,item_28,22,27.84,0,1,1
2022-01-19,store_50,item_28,16,27.84,0,2,1
2022-01-20,store_50,item_28,14,27.84,0,3,1
2022-01-21,store_50,item_28,10,27.84,0,4,1
2022-01-22,store_50,item_28,13,27.84,0,5,1
2022-01-23,store_50,item_28,11,27.84,0,6,1
2022-01-24,store_50,item_28,11,27.84,0,0,1
2022-01-25,store_50,item_28,13,27.84,0,1,1
2022-01-26,store_50,item_28,20,27.84,0,2,1
2022-01-27,store_50,item_28,17,27.84,0,3,1
2022-01-28,store_50,item_28,12,27.84,0,4,1
2022-01-29,store_50,item_28,14,27.84,0,5,1
2022-01-30,store_50,item_28,5,27.84,0,6,1
2022-01-31,store_50,item_28,15,27.84,0,0,1
2022-02-01,store_50,item_28,20,27.84,0,1,2
2022-02-02,store_50,item_28,17,27.84,0,2,2
2022-02-03,store_50,item_28,22,27.84,0,3,2
2022-02-04,store_50,item_28,16,27.84,0,4,2
2022-02-05,store_50,item_28,11,27.84,0,5,2
2022-02-06,store_50,item_28,17,22.27,1,6,2
2022-02-07,store_50,item_28,14,27.84,0,0,2
2022-02-08,store_50,item_28,19,27.84,0,1,2
2022-02-09,store_50,item_28,22,27.84,0,2,2
2022-02-10,store_50,item_28,16,27.84,0,3,2
2022-02-11,store_50,item_28,13,27.84,0,4,2
2022-02-12,store_50,item_28,10,27.84,0,5,2
2022-02-13,store_50,item_28,14,27.84,0,6,2
2022-02-14,store_50,item_28,18,27.84,0,0,2
2022-02-15,store_50,item_28,24,27.84,0,1,2
2022-02-16,store_50,item_28,19,27.84,0,2,2
2022-02-17,store_50,item_28,17,27.84,0,3,2
2022-02-18,store_50,item_28,10,27.84,0,4,2
2022-02-19,store_50,item_28,10,27.84,0,5,2
2022-02-20,store_50,item_28,21,22.27,1,6,2
2022-02-21,store_50,item_28,17,27.84,0,0,2
2022-02-22,store_50,item_28,15,27.84,0,1,2
2022-02-23,store_50,item_28,18,27.84,0,2,2
2022-02-24,store_50,item_28,19,27.84,0,3,2
2022-02-25,store_50,item_28,14,27.84,0,4,2
2022-02-26,store_50,item_28,11,27.84,0,5,2
2022-02-27,store_50,item_28,13,27.84,0,6,2
2022-02-28,store_50,item_28,17,27.84,0,0,2
2022-03-01,store_50,item_28,17,27.84,0,1,3
2022-03-02,store_50,item_28,19,27.84,0,2,3
2022-03-03,store_50,item_28,21,27.84,0,3,3
2022-03-04,store_50,item_28,15,27.84,0,4,3
2022-03-05,store_50,item_28,9,27.84,0,5,3
2022-03-06,store_50,item_28,16,27.84,0,6,3
2022-03-07,store_50,item_28,15,27.84,0,0,3
2022-03-08,store_50,item_28,21,27.84,0,1,3
2022-03-09,store_50,item_28,17,27.84,0,2,3
2022-03-10,store_50,item_28,28,22.27,1,3,3
2022-03-11,store_50,item_28,11,27.84,0,4,3
2022-03-12,store_50,item_28,16,27.84,0,5,3
2022-03-13,store_50,item_28,12,27.84,0,6,3
2022-03-14,store_50,item_28,17,27.84,0,0,3
2022-03-15,store_50,item_28,18,27.84,0,1,3
2022-03-16,store_50,item_28,18,27.84,0,2,3
2022-03-17,store_50,item_28,23,27.84,0,3,3
2022-03-18,store_50,item_28,18,27.84,0,4,3
2022-03-19,store_50,item_28,6,27.84,0,5,3
2022-03-20,store_50,item_28,14,27.84,0,6,3
2022-03-21,store_50,item_28,18,27.84,0,0,3
2022-03-22,store_50,item_28,16,27.84,0,1,3
2022-03-23,store_50,item_28,21,27.84,0,2,3
2022-03-24,store_50,item_28,24,27.84,0,3,3
2022-03-25,store_50,item_28,10,27.84,0,4,3
2022-03-26,store_50,item_28,16,27.84,0,5,3
2022-03-27,store_50,item_28,14,27.84,0,6,3
2022-03-28,store_50,item_28,12,27.84,0,0,3
2022-03-29,store_50,item_28,22,27.84,0,1,3
2022-03-30,store_50,item_28,12,27.84,0,2,3
2022-03-31,store_50,item_28,14,27.84,0,3,3
2022-04-01,store_50,item_28,15,27.84,0,4,4
2022-04-02,store_50,item_28,14,27.84,0,5,4
2022-04-03,store_50,item_28,17,27.84,0,6,4
2022-04-04,store_50,item_28,21,27.84,0,0,4
2022-04-05,store_50,item_28,17,27.84,0,1,4
2022-04-06,store_50,item_28,18,27.84,0,2,4
2022-04-07,store_50,item_28,14,27.84,0,3,4
2022-04-08,store_50,item_28,13,27.84,0,4,4
2022-04-09,store_50,item_28,13,27.84,0,5,4
2022-04-10,store_50,item_28,14,27.84,0,6,4
2022-04-11,store_50,item_28,22,27.84,0,0,4
2022-04-12,store_50,item_28,16,27.84,0,1,4
2022-04-13,store_50,item_28,18,27.84,0,2,4
2022-04-14,store_50,item_28,16,27.84,0,3,4
2022-04-15,store_50,item_28,13,27.84,0,4,4
2022-04-16,store_50,item_28,8,27.84,0,5,4
2022-04-17,store_50,item_28,16,27.84,0,6,4
2022-04-18,store_50,item_28,15,27.84,0,0,4
2022-04-19,store_50,item_28,19,27.84,0,1,4
2022-04-20,store_50,item_28,20,27.84,0,2,4
2022-04-21,store_50,item_28,22,27.84,0,3,4
2022-04-22,store_50,item_28,18,27.84,0,4,4
2022-04-23,store_50,item_28,11,27.84,0,5,4
2022-04-24,store_50,item_28,15,27.84,0,6,4
2022-04-25,store_50,item_28,25,22.27,1,0,4
2022-04-26,store_50,item_28,21,27.84,0,1,4
2022-04-27,store_50,item_28,12,27.84,0,2,4
2022-04-28,store_50,item_28,32,22.27,1,3,4
2022-04-29,store_50,item_28,16,27.84,0,4,4
2022-04-30,store_50,item_28,16,27.84,0,5,4
2022-05-01,store_50,item_28,10,27.84,0,6,5
2022-05-02,store_50,item_28,22,27.84,0,0,5
2022-05-03,store_50,item_28,36,22.27,1,1,5
2022-05-04,store_50,item_28,18,27.84,0,2,5
2022-05-05,store_50,item_28,20,27.84,0,3,5
2022-05-06,store_50,item_28,13,27.84,0,4,5
2022-05-07,store_50,item_28,28,22.27,1,5,5
2022-05-08,store_50,item_28,14,27.84,0,6,5
2022-05-09,store_50,item_28,12,27.84,0,0,5
2022-05-10,store_50,item_28,24,27.84,0,1,5
2022-05-11,store_50,item_28,15,27.84,0,2,5
2022-05-12,store_50,item_28,17,27.84,0,3,5
2022-05-13,store_50,item_28,16,27.84,0,4,5
2022-05-14,store_50,item_28,16,27.84,0,5,5
2022-05-15,store_50,item_28,19,27.84,0,6,5
2022-05-16,store_50,item_28,14,27.84,0,0,5
2022-05-17,store_50,item_28,23,27.84,0,1,5
2022-05-18,store_50,item_28,20,27.84,0,2,5
2022-05-19,store_50,item_28,14,27.84,0,3,5
2022-05-20,store_50,item_28,19,22.27,1,4,5
2022-05-21,store_50,item_28,11,27.84,0,5,5
2022-05-22,store_50,item_28,13,27.84,0,6,5
2022-05-23,store_50,item_28,23,27.84,0,0,5
2022-05-24,store_50,item_28,15,27.84,0,1,5
2022-05-25,store_50,item_28,23,27.84,0,2,5
2022-05-26,store_50,item_28,17,27.84,0,3,5
2022-05-27,store_50,item_28,13,27.84,0,4,5
2022-05-28,store_50,item_28,13,27.84,0,5,5
2022-05-29,store_50,item_28,10,27.84,0,6,5
2022-05-30,store_50,item_28,15,27.84,0,0,5
2022-05-31,store_50,item_28,19,27.84,0,1,5
2022-06-01,store_50,item_28,18,27.84,0,2,6
2022-06-02,store_50,item_28,15,27.84,0,3,6
2022-06-03,store_50,item_28,12,27.84,0,4,6
2022-06-04,store_50,item_28,15,27.84,0,5,6
2022-06-05,store_50,item_28,13,27.84,0,6,6
2022-06-06,store_50,item_28,13,27.84,0,0,6
2022-06-07,store_50,item_28,11,27.84,0,1,6
2022-06-08,store_50,item_28,19,27.84,0,2,6
2022-06-09,store_50,item_28,24,22.27,1,3,6
2022-06-10,store_50,item_28,13,27.84,0,4,6
2022-06-11,store_50,item_28,10,27.84,0,5,6
